line 10: the name `m' is not a field in this context
line 11: the name `OtherClass.m' is not a field in this context
2 errors were detected
