line 6: the name `main' is not a field in this context
line 7: unable to resolve name -- OtherClass.f
2 errors were detected
