line 6: the name `main' is not a field in this context
line 7: the name `OtherClass' is not a field in this context
2 errors were detected
