line 25: unable to resolve name -- print
1 error detected
